
> findmyinterior-frontend@0.1.0 build
> next build

▲ Next.js 16.2.9 (Turbopack)
- Environments: .env.production, .env

  Creating an optimized production build ...
✓ Compiled successfully in 10.8s
  Running TypeScript ...
  Finished TypeScript in 9.4s ...
  Collecting page data using 1 worker ...
  Generating static pages using 1 worker (0/35) ...
  Generating static pages using 1 worker (8/35) 
  Generating static pages using 1 worker (17/35) 
TypeError: Cannot read properties of null (reading 'useEffect')
    at <unknown> (.next/server/chunks/ssr/_1gikiwb._.js:1:4049)
  Generating static pages using 1 worker (26/35) 
✓ Generating static pages using 1 worker (35/35) in 740ms
  Finalizing page optimization ...

Route (app)
┌ ○ /
├ ○ /_not-found
├ ƒ /[category]/[city]
├ ○ /admin
├ ƒ /blog
├ ƒ /blog/[slug]
├ ○ /compare
├ ○ /compliance
├ ○ /contact
├ ○ /cost-calculator
├ ○ /dashboard
├ ƒ /dashboard/jobs/[id]
├ ○ /dashboard/profile
├ ƒ /dashboard/projects/[id]
├ ƒ /dashboard/rfqs/[id]
├ ○ /dispute-resolution
├ ○ /enquiry
├ ○ /forgot-password
├ ○ /help
├ ○ /jobs
├ ○ /labour
├ ƒ /leads
├ ○ /login
├ ƒ /materials
├ ƒ /materials/[slug]
├ ○ /messages
├ ƒ /messages/[id]
├ ƒ /pages/[slug]
├ ○ /post-requirement
├ ○ /pricing
├ ○ /privacy
├ ƒ /professionals
├ ƒ /professionals/[slug]
├ ○ /projects
├ ƒ /projects/[slug]
├ ○ /register
├ ƒ /requirements/[id]
├ ƒ /requirements/[id]/compare
├ ○ /reset-password
├ ○ /rfqs
├ ○ /robots.txt
├ ○ /sitemap.xml
├ ○ /tender
├ ○ /terms
├ ƒ /workers
└ ƒ /workers/[slug]


○  (Static)   prerendered as static content
ƒ  (Dynamic)  server-rendered on demand

